-- The C compiler identification is GNU 9.4.0
-- The CXX compiler identification is GNU 9.4.0
-- Check for working C compiler: /usr/bin/cc
-- Check for working C compiler: /usr/bin/cc -- works
-- Detecting C compiler ABI info
-- Detecting C compiler ABI info - done
-- Detecting C compile features
-- Detecting C compile features - done
-- Check for working CXX compiler: /usr/bin/c++
-- Check for working CXX compiler: /usr/bin/c++ -- works
-- Detecting CXX compiler ABI info
-- Detecting CXX compiler ABI info - done
-- Detecting CXX compile features
-- Detecting CXX compile features - done
-- Found ament_cmake: 1.3.6 (/opt/ros/humble/share/ament_cmake/cmake)
-- Found Python3: /usr/bin/python3.9 (found version "3.9.5") found components: Interpreter 
-- Override CMake install command with custom implementation using symlinks instead of copying resources
-- Found rclcpp: 16.0.7 (/opt/ros/humble/share/rclcpp/cmake)
-- Found rosidl_generator_c: 3.1.5 (/opt/ros/humble/share/rosidl_generator_c/cmake)
-- Found rosidl_adapter: 3.1.5 (/opt/ros/humble/share/rosidl_adapter/cmake)
-- Found rosidl_generator_cpp: 3.1.5 (/opt/ros/humble/share/rosidl_generator_cpp/cmake)
-- Using all available rosidl_typesupport_c: rosidl_typesupport_fastrtps_c;rosidl_typesupport_introspection_c
-- Using all available rosidl_typesupport_cpp: rosidl_typesupport_fastrtps_cpp;rosidl_typesupport_introspection_cpp
-- Found rmw_implementation_cmake: 6.1.1 (/opt/ros/humble/share/rmw_implementation_cmake/cmake)
-- Found rmw_fastrtps_cpp: 6.2.5 (/opt/ros/humble/share/rmw_fastrtps_cpp/cmake)
-- Found OpenSSL: /usr/lib/aarch64-linux-gnu/libcrypto.so (found version "1.1.1f")  
-- Found FastRTPS: /opt/ros/humble/include  
-- Using RMW implementation 'rmw_fastrtps_cpp' as default
-- Looking for pthread.h
-- Looking for pthread.h - found
-- Performing Test CMAKE_HAVE_LIBC_PTHREAD
-- Performing Test CMAKE_HAVE_LIBC_PTHREAD - Failed
-- Looking for pthread_create in pthreads
-- Looking for pthread_create in pthreads - not found
-- Looking for pthread_create in pthread
-- Looking for pthread_create in pthread - found
-- Found Threads: TRUE  
-- Found geometry_msgs: 4.2.3 (/opt/ros/humble/share/geometry_msgs/cmake)
-- Found sensor_msgs: 4.2.3 (/opt/ros/humble/share/sensor_msgs/cmake)
-- Found control_msgs: 4.4.0 (/opt/ros/humble/share/control_msgs/cmake)
-- Configuring done
-- Generating done
-- Build files have been written to: /home/nvidia/ENGR857_Salgado_Eriberto/build/teleop
Scanning dependencies of target qbot_platform_driver_interface
Scanning dependencies of target command
[ 50%] Building CXX object CMakeFiles/qbot_platform_driver_interface.dir/src/qbot_platform_driver_interface.cpp.o
[ 50%] Building CXX object CMakeFiles/command.dir/src/command.cpp.o
[ 75%] Linking CXX executable command
[ 75%] Built target command
[100%] Linking CXX executable qbot_platform_driver_interface
[100%] Built target qbot_platform_driver_interface
-- Install configuration: ""
-- Execute custom install script
-- Symlinking: /home/nvidia/ENGR857_Salgado_Eriberto/install/teleop/lib/teleop/qbot_platform_driver_interface
-- Symlinking: /home/nvidia/ENGR857_Salgado_Eriberto/install/teleop/lib/teleop/command
-- Symlinking: /home/nvidia/ENGR857_Salgado_Eriberto/install/teleop/share/teleop/launch/qbot_platform_cartographer_launch.py
-- Symlinking: /home/nvidia/ENGR857_Salgado_Eriberto/install/teleop/share/teleop/launch/qbot_platform_launch.py
-- Symlinking: /home/nvidia/ENGR857_Salgado_Eriberto/install/teleop/share/teleop/launch/qbot_platform_manual_map_launch.py
-- Symlinking: /home/nvidia/ENGR857_Salgado_Eriberto/install/teleop/share/teleop/launch/qbot_platform_slam_and_nav_bringup_launch.py
-- Symlinking: /home/nvidia/ENGR857_Salgado_Eriberto/install/teleop/share/teleop/launch/teleop_manual_drive_launch.py
-- Symlinking: /home/nvidia/ENGR857_Salgado_Eriberto/install/teleop/share/teleop/rt_models/qbot_platform_driver_physical.rt-linux_qbot_platform
-- Symlinking: /home/nvidia/ENGR857_Salgado_Eriberto/install/teleop/share/teleop/config/qbot_platform_2d.lua
-- Symlinking: /home/nvidia/ENGR857_Salgado_Eriberto/install/teleop/share/teleop/config/qbot_platform_slam_and_nav.yaml
-- Symlinking: /home/nvidia/ENGR857_Salgado_Eriberto/install/teleop/share/ament_index/resource_index/package_run_dependencies/teleop
-- Symlinking: /home/nvidia/ENGR857_Salgado_Eriberto/install/teleop/share/ament_index/resource_index/parent_prefix_path/teleop
-- Symlinking: /home/nvidia/ENGR857_Salgado_Eriberto/install/teleop/share/teleop/environment/ament_prefix_path.sh
-- Symlinking: /home/nvidia/ENGR857_Salgado_Eriberto/install/teleop/share/teleop/environment/ament_prefix_path.dsv
-- Symlinking: /home/nvidia/ENGR857_Salgado_Eriberto/install/teleop/share/teleop/environment/path.sh
-- Symlinking: /home/nvidia/ENGR857_Salgado_Eriberto/install/teleop/share/teleop/environment/path.dsv
-- Symlinking: /home/nvidia/ENGR857_Salgado_Eriberto/install/teleop/share/teleop/local_setup.bash
-- Symlinking: /home/nvidia/ENGR857_Salgado_Eriberto/install/teleop/share/teleop/local_setup.sh
-- Symlinking: /home/nvidia/ENGR857_Salgado_Eriberto/install/teleop/share/teleop/local_setup.zsh
-- Symlinking: /home/nvidia/ENGR857_Salgado_Eriberto/install/teleop/share/teleop/local_setup.dsv
-- Symlinking: /home/nvidia/ENGR857_Salgado_Eriberto/install/teleop/share/teleop/package.dsv
-- Symlinking: /home/nvidia/ENGR857_Salgado_Eriberto/install/teleop/share/ament_index/resource_index/packages/teleop
-- Symlinking: /home/nvidia/ENGR857_Salgado_Eriberto/install/teleop/share/teleop/cmake/teleopConfig.cmake
-- Symlinking: /home/nvidia/ENGR857_Salgado_Eriberto/install/teleop/share/teleop/cmake/teleopConfig-version.cmake
-- Symlinking: /home/nvidia/ENGR857_Salgado_Eriberto/install/teleop/share/teleop/package.xml
