[0.023s] Invoking command in '/home/nvidia/ENGR857_Salgado_Eriberto/build/teleop': CMAKE_PREFIX_PATH=${CMAKE_PREFIX_PATH}:/home/nvidia/ros2/install/qbot_follower:/opt/ros/humble /usr/bin/cmake /home/nvidia/ENGR857_Salgado_Eriberto/ros2_ws/src/teleop -DAMENT_CMAKE_SYMLINK_INSTALL=1 -DCMAKE_INSTALL_PREFIX=/home/nvidia/ENGR857_Salgado_Eriberto/install/teleop
[0.152s] -- The C compiler identification is GNU 9.4.0
[0.250s] -- The CXX compiler identification is GNU 9.4.0
[0.259s] -- Check for working C compiler: /usr/bin/cc
[0.396s] -- Check for working C compiler: /usr/bin/cc -- works
[0.398s] -- Detecting C compiler ABI info
[0.545s] -- Detecting C compiler ABI info - done
[0.579s] -- Detecting C compile features
[0.579s] -- Detecting C compile features - done
[0.584s] -- Check for working CXX compiler: /usr/bin/c++
[0.736s] -- Check for working CXX compiler: /usr/bin/c++ -- works
[0.740s] -- Detecting CXX compiler ABI info
[0.904s] -- Detecting CXX compiler ABI info - done
[0.937s] -- Detecting CXX compile features
[0.938s] -- Detecting CXX compile features - done
[0.944s] -- Found ament_cmake: 1.3.6 (/opt/ros/humble/share/ament_cmake/cmake)
[1.232s] -- Found Python3: /usr/bin/python3.9 (found version "3.9.5") found components: Interpreter 
[1.358s] -- Override CMake install command with custom implementation using symlinks instead of copying resources
[1.438s] -- Found rclcpp: 16.0.7 (/opt/ros/humble/share/rclcpp/cmake)
[1.533s] -- Found rosidl_generator_c: 3.1.5 (/opt/ros/humble/share/rosidl_generator_c/cmake)
[1.544s] -- Found rosidl_adapter: 3.1.5 (/opt/ros/humble/share/rosidl_adapter/cmake)
[1.563s] -- Found rosidl_generator_cpp: 3.1.5 (/opt/ros/humble/share/rosidl_generator_cpp/cmake)
[1.596s] -- Using all available rosidl_typesupport_c: rosidl_typesupport_fastrtps_c;rosidl_typesupport_introspection_c
[1.643s] -- Using all available rosidl_typesupport_cpp: rosidl_typesupport_fastrtps_cpp;rosidl_typesupport_introspection_cpp
[1.808s] -- Found rmw_implementation_cmake: 6.1.1 (/opt/ros/humble/share/rmw_implementation_cmake/cmake)
[1.814s] -- Found rmw_fastrtps_cpp: 6.2.5 (/opt/ros/humble/share/rmw_fastrtps_cpp/cmake)
[2.067s] -- Found OpenSSL: /usr/lib/aarch64-linux-gnu/libcrypto.so (found version "1.1.1f")  
[2.128s] -- Found FastRTPS: /opt/ros/humble/include  
[2.233s] -- Using RMW implementation 'rmw_fastrtps_cpp' as default
[2.255s] -- Looking for pthread.h
[2.399s] -- Looking for pthread.h - found
[2.399s] -- Performing Test CMAKE_HAVE_LIBC_PTHREAD
[2.549s] -- Performing Test CMAKE_HAVE_LIBC_PTHREAD - Failed
[2.550s] -- Looking for pthread_create in pthreads
[2.673s] -- Looking for pthread_create in pthreads - not found
[2.673s] -- Looking for pthread_create in pthread
[2.818s] -- Looking for pthread_create in pthread - found
[2.822s] -- Found Threads: TRUE  
[3.203s] -- Found geometry_msgs: 4.2.3 (/opt/ros/humble/share/geometry_msgs/cmake)
[3.305s] -- Found sensor_msgs: 4.2.3 (/opt/ros/humble/share/sensor_msgs/cmake)
[3.492s] -- Found control_msgs: 4.4.0 (/opt/ros/humble/share/control_msgs/cmake)
[4.471s] -- Configuring done
[4.505s] -- Generating done
[4.508s] -- Build files have been written to: /home/nvidia/ENGR857_Salgado_Eriberto/build/teleop
[4.533s] Invoked command in '/home/nvidia/ENGR857_Salgado_Eriberto/build/teleop' returned '0': CMAKE_PREFIX_PATH=${CMAKE_PREFIX_PATH}:/home/nvidia/ros2/install/qbot_follower:/opt/ros/humble /usr/bin/cmake /home/nvidia/ENGR857_Salgado_Eriberto/ros2_ws/src/teleop -DAMENT_CMAKE_SYMLINK_INSTALL=1 -DCMAKE_INSTALL_PREFIX=/home/nvidia/ENGR857_Salgado_Eriberto/install/teleop
[4.541s] Invoking command in '/home/nvidia/ENGR857_Salgado_Eriberto/build/teleop': CMAKE_PREFIX_PATH=${CMAKE_PREFIX_PATH}:/home/nvidia/ros2/install/qbot_follower:/opt/ros/humble /usr/bin/cmake --build /home/nvidia/ENGR857_Salgado_Eriberto/build/teleop -- -j6 -l6
[4.719s] Scanning dependencies of target qbot_platform_driver_interface
[4.721s] Scanning dependencies of target command
[4.753s] [ 50%] Building CXX object CMakeFiles/qbot_platform_driver_interface.dir/src/qbot_platform_driver_interface.cpp.o
[4.753s] [ 50%] Building CXX object CMakeFiles/command.dir/src/command.cpp.o
[15.887s] [ 75%] Linking CXX executable command
[16.384s] [ 75%] Built target command
[40.155s] [100%] Linking CXX executable qbot_platform_driver_interface
[42.115s] [100%] Built target qbot_platform_driver_interface
[42.142s] Invoked command in '/home/nvidia/ENGR857_Salgado_Eriberto/build/teleop' returned '0': CMAKE_PREFIX_PATH=${CMAKE_PREFIX_PATH}:/home/nvidia/ros2/install/qbot_follower:/opt/ros/humble /usr/bin/cmake --build /home/nvidia/ENGR857_Salgado_Eriberto/build/teleop -- -j6 -l6
[42.222s] Invoking command in '/home/nvidia/ENGR857_Salgado_Eriberto/build/teleop': CMAKE_PREFIX_PATH=${CMAKE_PREFIX_PATH}:/home/nvidia/ros2/install/qbot_follower:/opt/ros/humble /usr/bin/cmake --install /home/nvidia/ENGR857_Salgado_Eriberto/build/teleop
[42.241s] -- Install configuration: ""
[42.242s] -- Execute custom install script
[42.243s] -- Symlinking: /home/nvidia/ENGR857_Salgado_Eriberto/install/teleop/lib/teleop/qbot_platform_driver_interface
[42.262s] -- Symlinking: /home/nvidia/ENGR857_Salgado_Eriberto/install/teleop/lib/teleop/command
[42.282s] -- Symlinking: /home/nvidia/ENGR857_Salgado_Eriberto/install/teleop/share/teleop/launch/qbot_platform_cartographer_launch.py
[42.300s] -- Symlinking: /home/nvidia/ENGR857_Salgado_Eriberto/install/teleop/share/teleop/launch/qbot_platform_launch.py
[42.320s] -- Symlinking: /home/nvidia/ENGR857_Salgado_Eriberto/install/teleop/share/teleop/launch/qbot_platform_manual_map_launch.py
[42.340s] -- Symlinking: /home/nvidia/ENGR857_Salgado_Eriberto/install/teleop/share/teleop/launch/qbot_platform_slam_and_nav_bringup_launch.py
[42.360s] -- Symlinking: /home/nvidia/ENGR857_Salgado_Eriberto/install/teleop/share/teleop/launch/teleop_manual_drive_launch.py
[42.380s] -- Symlinking: /home/nvidia/ENGR857_Salgado_Eriberto/install/teleop/share/teleop/rt_models/qbot_platform_driver_physical.rt-linux_qbot_platform
[42.400s] -- Symlinking: /home/nvidia/ENGR857_Salgado_Eriberto/install/teleop/share/teleop/config/qbot_platform_2d.lua
[42.419s] -- Symlinking: /home/nvidia/ENGR857_Salgado_Eriberto/install/teleop/share/teleop/config/qbot_platform_slam_and_nav.yaml
[42.438s] -- Symlinking: /home/nvidia/ENGR857_Salgado_Eriberto/install/teleop/share/ament_index/resource_index/package_run_dependencies/teleop
[42.457s] -- Symlinking: /home/nvidia/ENGR857_Salgado_Eriberto/install/teleop/share/ament_index/resource_index/parent_prefix_path/teleop
[42.476s] -- Symlinking: /home/nvidia/ENGR857_Salgado_Eriberto/install/teleop/share/teleop/environment/ament_prefix_path.sh
[42.496s] -- Symlinking: /home/nvidia/ENGR857_Salgado_Eriberto/install/teleop/share/teleop/environment/ament_prefix_path.dsv
[42.516s] -- Symlinking: /home/nvidia/ENGR857_Salgado_Eriberto/install/teleop/share/teleop/environment/path.sh
[42.536s] -- Symlinking: /home/nvidia/ENGR857_Salgado_Eriberto/install/teleop/share/teleop/environment/path.dsv
[42.556s] -- Symlinking: /home/nvidia/ENGR857_Salgado_Eriberto/install/teleop/share/teleop/local_setup.bash
[42.575s] -- Symlinking: /home/nvidia/ENGR857_Salgado_Eriberto/install/teleop/share/teleop/local_setup.sh
[42.594s] -- Symlinking: /home/nvidia/ENGR857_Salgado_Eriberto/install/teleop/share/teleop/local_setup.zsh
[42.614s] -- Symlinking: /home/nvidia/ENGR857_Salgado_Eriberto/install/teleop/share/teleop/local_setup.dsv
[42.633s] -- Symlinking: /home/nvidia/ENGR857_Salgado_Eriberto/install/teleop/share/teleop/package.dsv
[42.653s] -- Symlinking: /home/nvidia/ENGR857_Salgado_Eriberto/install/teleop/share/ament_index/resource_index/packages/teleop
[42.672s] -- Symlinking: /home/nvidia/ENGR857_Salgado_Eriberto/install/teleop/share/teleop/cmake/teleopConfig.cmake
[42.691s] -- Symlinking: /home/nvidia/ENGR857_Salgado_Eriberto/install/teleop/share/teleop/cmake/teleopConfig-version.cmake
[42.709s] -- Symlinking: /home/nvidia/ENGR857_Salgado_Eriberto/install/teleop/share/teleop/package.xml
[42.733s] Invoked command in '/home/nvidia/ENGR857_Salgado_Eriberto/build/teleop' returned '0': CMAKE_PREFIX_PATH=${CMAKE_PREFIX_PATH}:/home/nvidia/ros2/install/qbot_follower:/opt/ros/humble /usr/bin/cmake --install /home/nvidia/ENGR857_Salgado_Eriberto/build/teleop
