[0.021s] Invoking command in '/home/nvidia/ENGR857_Salgado_Eriberto/build/follower': CMAKE_PREFIX_PATH=${CMAKE_PREFIX_PATH}:/opt/ros/humble /usr/bin/cmake /home/nvidia/ENGR857_Salgado_Eriberto/ros2_ws/src/follower -DAMENT_CMAKE_SYMLINK_INSTALL=1 -DCMAKE_INSTALL_PREFIX=/home/nvidia/ENGR857_Salgado_Eriberto/install/follower
[0.543s] -- The C compiler identification is GNU 9.4.0
[0.654s] -- The CXX compiler identification is GNU 9.4.0
[0.670s] -- Check for working C compiler: /usr/bin/cc
[0.807s] -- Check for working C compiler: /usr/bin/cc -- works
[0.812s] -- Detecting C compiler ABI info
[0.949s] -- Detecting C compiler ABI info - done
[0.979s] -- Detecting C compile features
[0.980s] -- Detecting C compile features - done
[0.989s] -- Check for working CXX compiler: /usr/bin/c++
[1.139s] -- Check for working CXX compiler: /usr/bin/c++ -- works
[1.140s] -- Detecting CXX compiler ABI info
[1.299s] -- Detecting CXX compiler ABI info - done
[1.321s] -- Detecting CXX compile features
[1.321s] -- Detecting CXX compile features - done
[1.334s] -- Found ament_cmake: 1.3.6 (/opt/ros/humble/share/ament_cmake/cmake)
[1.642s] -- Found Python3: /usr/bin/python3.9 (found version "3.9.5") found components: Interpreter 
[1.816s] -- Override CMake install command with custom implementation using symlinks instead of copying resources
[1.901s] -- Found rclcpp: 16.0.7 (/opt/ros/humble/share/rclcpp/cmake)
[2.035s] -- Found rosidl_generator_c: 3.1.5 (/opt/ros/humble/share/rosidl_generator_c/cmake)
[2.050s] -- Found rosidl_adapter: 3.1.5 (/opt/ros/humble/share/rosidl_adapter/cmake)
[2.077s] -- Found rosidl_generator_cpp: 3.1.5 (/opt/ros/humble/share/rosidl_generator_cpp/cmake)
[2.121s] -- Using all available rosidl_typesupport_c: rosidl_typesupport_fastrtps_c;rosidl_typesupport_introspection_c
[2.176s] -- Using all available rosidl_typesupport_cpp: rosidl_typesupport_fastrtps_cpp;rosidl_typesupport_introspection_cpp
[2.367s] -- Found rmw_implementation_cmake: 6.1.1 (/opt/ros/humble/share/rmw_implementation_cmake/cmake)
[2.374s] -- Found rmw_fastrtps_cpp: 6.2.5 (/opt/ros/humble/share/rmw_fastrtps_cpp/cmake)
[2.672s] -- Found OpenSSL: /usr/lib/aarch64-linux-gnu/libcrypto.so (found version "1.1.1f")  
[2.743s] -- Found FastRTPS: /opt/ros/humble/include  
[2.857s] -- Using RMW implementation 'rmw_fastrtps_cpp' as default
[2.886s] -- Looking for pthread.h
[3.029s] -- Looking for pthread.h - found
[3.029s] -- Performing Test CMAKE_HAVE_LIBC_PTHREAD
[3.178s] -- Performing Test CMAKE_HAVE_LIBC_PTHREAD - Failed
[3.178s] -- Looking for pthread_create in pthreads
[3.309s] -- Looking for pthread_create in pthreads - not found
[3.310s] -- Looking for pthread_create in pthread
[3.455s] -- Looking for pthread_create in pthread - found
[3.457s] -- Found Threads: TRUE  
[3.850s] -- Found geometry_msgs: 4.2.3 (/opt/ros/humble/share/geometry_msgs/cmake)
[3.958s] -- Found sensor_msgs: 4.2.3 (/opt/ros/humble/share/sensor_msgs/cmake)
[4.153s] -- Found control_msgs: 4.4.0 (/opt/ros/humble/share/control_msgs/cmake)
[5.228s] -- Configuring done
[5.265s] -- Generating done
[5.268s] -- Build files have been written to: /home/nvidia/ENGR857_Salgado_Eriberto/build/follower
[5.293s] Invoked command in '/home/nvidia/ENGR857_Salgado_Eriberto/build/follower' returned '0': CMAKE_PREFIX_PATH=${CMAKE_PREFIX_PATH}:/opt/ros/humble /usr/bin/cmake /home/nvidia/ENGR857_Salgado_Eriberto/ros2_ws/src/follower -DAMENT_CMAKE_SYMLINK_INSTALL=1 -DCMAKE_INSTALL_PREFIX=/home/nvidia/ENGR857_Salgado_Eriberto/install/follower
[5.297s] Invoking command in '/home/nvidia/ENGR857_Salgado_Eriberto/build/follower': CMAKE_PREFIX_PATH=${CMAKE_PREFIX_PATH}:/opt/ros/humble /usr/bin/cmake --build /home/nvidia/ENGR857_Salgado_Eriberto/build/follower -- -j6 -l6
[5.408s] [35m[1mScanning dependencies of target command[0m
[5.408s] [35m[1mScanning dependencies of target qbot_platform_driver_interface[0m
[5.505s] [ 25%] [32mBuilding CXX object CMakeFiles/command.dir/src/command.cpp.o[0m
[5.530s] [ 50%] [32mBuilding CXX object CMakeFiles/qbot_platform_driver_interface.dir/src/qbot_platform_driver_interface.cpp.o[0m
[26.899s] [ 75%] [32m[1mLinking CXX executable command[0m
[27.809s] [ 75%] Built target command
[41.404s] [100%] [32m[1mLinking CXX executable qbot_platform_driver_interface[0m
[43.367s] [100%] Built target qbot_platform_driver_interface
[43.391s] Invoked command in '/home/nvidia/ENGR857_Salgado_Eriberto/build/follower' returned '0': CMAKE_PREFIX_PATH=${CMAKE_PREFIX_PATH}:/opt/ros/humble /usr/bin/cmake --build /home/nvidia/ENGR857_Salgado_Eriberto/build/follower -- -j6 -l6
[43.466s] Invoking command in '/home/nvidia/ENGR857_Salgado_Eriberto/build/follower': CMAKE_PREFIX_PATH=${CMAKE_PREFIX_PATH}:/opt/ros/humble /usr/bin/cmake --install /home/nvidia/ENGR857_Salgado_Eriberto/build/follower
[43.483s] -- Install configuration: ""
[43.483s] -- Execute custom install script
[43.484s] -- Symlinking: /home/nvidia/ENGR857_Salgado_Eriberto/install/follower/lib/follower/qbot_platform_driver_interface
[43.503s] -- Symlinking: /home/nvidia/ENGR857_Salgado_Eriberto/install/follower/lib/follower/command
[43.521s] -- Symlinking: /home/nvidia/ENGR857_Salgado_Eriberto/install/follower/share/follower/launch/teleop_manual_drive_launch.py
[43.541s] -- Symlinking: /home/nvidia/ENGR857_Salgado_Eriberto/install/follower/share/follower/rt_models/qbot_platform_driver_physical.rt-linux_qbot_platform
[43.560s] -- Symlinking: /home/nvidia/ENGR857_Salgado_Eriberto/install/follower/share/ament_index/resource_index/package_run_dependencies/follower
[43.579s] -- Symlinking: /home/nvidia/ENGR857_Salgado_Eriberto/install/follower/share/ament_index/resource_index/parent_prefix_path/follower
[43.598s] -- Symlinking: /home/nvidia/ENGR857_Salgado_Eriberto/install/follower/share/follower/environment/ament_prefix_path.sh
[43.617s] -- Symlinking: /home/nvidia/ENGR857_Salgado_Eriberto/install/follower/share/follower/environment/ament_prefix_path.dsv
[43.636s] -- Symlinking: /home/nvidia/ENGR857_Salgado_Eriberto/install/follower/share/follower/environment/path.sh
[43.655s] -- Symlinking: /home/nvidia/ENGR857_Salgado_Eriberto/install/follower/share/follower/environment/path.dsv
[43.674s] -- Symlinking: /home/nvidia/ENGR857_Salgado_Eriberto/install/follower/share/follower/local_setup.bash
[43.693s] -- Symlinking: /home/nvidia/ENGR857_Salgado_Eriberto/install/follower/share/follower/local_setup.sh
[43.713s] -- Symlinking: /home/nvidia/ENGR857_Salgado_Eriberto/install/follower/share/follower/local_setup.zsh
[43.732s] -- Symlinking: /home/nvidia/ENGR857_Salgado_Eriberto/install/follower/share/follower/local_setup.dsv
[43.752s] -- Symlinking: /home/nvidia/ENGR857_Salgado_Eriberto/install/follower/share/follower/package.dsv
[43.772s] -- Symlinking: /home/nvidia/ENGR857_Salgado_Eriberto/install/follower/share/ament_index/resource_index/packages/follower
[43.790s] -- Symlinking: /home/nvidia/ENGR857_Salgado_Eriberto/install/follower/share/follower/cmake/followerConfig.cmake
[43.810s] -- Symlinking: /home/nvidia/ENGR857_Salgado_Eriberto/install/follower/share/follower/cmake/followerConfig-version.cmake
[43.828s] -- Symlinking: /home/nvidia/ENGR857_Salgado_Eriberto/install/follower/share/follower/package.xml
[43.853s] Invoked command in '/home/nvidia/ENGR857_Salgado_Eriberto/build/follower' returned '0': CMAKE_PREFIX_PATH=${CMAKE_PREFIX_PATH}:/opt/ros/humble /usr/bin/cmake --install /home/nvidia/ENGR857_Salgado_Eriberto/build/follower
