-- The C compiler identification is GNU 9.4.0
-- The CXX compiler identification is GNU 9.4.0
-- Check for working C compiler: /usr/bin/cc
-- Check for working C compiler: /usr/bin/cc -- works
-- Detecting C compiler ABI info
-- Detecting C compiler ABI info - done
-- Detecting C compile features
-- Detecting C compile features - done
-- Check for working CXX compiler: /usr/bin/c++
-- Check for working CXX compiler: /usr/bin/c++ -- works
-- Detecting CXX compiler ABI info
-- Detecting CXX compiler ABI info - done
-- Detecting CXX compile features
-- Detecting CXX compile features - done
-- Found ament_cmake: 1.3.6 (/opt/ros/humble/share/ament_cmake/cmake)
-- Found Python3: /usr/bin/python3.9 (found version "3.9.5") found components: Interpreter 
-- Override CMake install command with custom implementation using symlinks instead of copying resources
-- Found cv_bridge: 3.2.1 (/opt/ros/humble/share/cv_bridge/cmake)
-- Found rosidl_generator_c: 3.1.5 (/opt/ros/humble/share/rosidl_generator_c/cmake)
-- Found rosidl_adapter: 3.1.5 (/opt/ros/humble/share/rosidl_adapter/cmake)
-- Found rosidl_generator_cpp: 3.1.5 (/opt/ros/humble/share/rosidl_generator_cpp/cmake)
-- Using all available rosidl_typesupport_c: rosidl_typesupport_fastrtps_c;rosidl_typesupport_introspection_c
-- Using all available rosidl_typesupport_cpp: rosidl_typesupport_fastrtps_cpp;rosidl_typesupport_introspection_cpp
-- Found image_transport: 3.1.7 (/opt/ros/humble/share/image_transport/cmake)
-- Found rmw_implementation_cmake: 6.1.1 (/opt/ros/humble/share/rmw_implementation_cmake/cmake)
-- Found rmw_fastrtps_cpp: 6.2.5 (/opt/ros/humble/share/rmw_fastrtps_cpp/cmake)
-- Found OpenSSL: /usr/lib/aarch64-linux-gnu/libcrypto.so (found version "1.1.1f")  
-- Found FastRTPS: /opt/ros/humble/include  
-- Using RMW implementation 'rmw_fastrtps_cpp' as default
-- Looking for pthread.h
-- Looking for pthread.h - found
-- Performing Test CMAKE_HAVE_LIBC_PTHREAD
-- Performing Test CMAKE_HAVE_LIBC_PTHREAD - Failed
-- Looking for pthread_create in pthreads
-- Looking for pthread_create in pthreads - not found
-- Looking for pthread_create in pthread
-- Looking for pthread_create in pthread - found
-- Found Threads: TRUE  
-- Found OpenCV: /usr (found version "4.5.4") found components: highgui imgcodecs imgproc videoio 
-- Found control_msgs: 4.4.0 (/opt/ros/humble/share/control_msgs/cmake)
-- Found tf2_ros: 0.25.5 (/opt/ros/humble/share/tf2_ros/cmake)
-- Found ament_lint_auto: 0.12.9 (/opt/ros/humble/share/ament_lint_auto/cmake)
-- Added test 'cppcheck' to perform static code analysis on C / C++ code
-- Configured cppcheck include dirs: 
-- Configured cppcheck exclude dirs and/or files: 
-- Added test 'flake8' to check Python code syntax and style conventions
-- Added test 'lint_cmake' to check CMake code style
-- Added test 'pep257' to check Python code against some of the docstring style conventions in PEP 257
-- Added test 'uncrustify' to check C / C++ code style
-- Configured uncrustify additional arguments: 
-- Added test 'xmllint' to check XML markup files
-- Configuring done
-- Generating done
-- Build files have been written to: /home/nvidia/ENGR857_Salgado_Eriberto/build/qbot_platform
Scanning dependencies of target qbot_platform_driver_interface
Scanning dependencies of target fixed_lidar_frame
Scanning dependencies of target lidar
Scanning dependencies of target csi
Scanning dependencies of target command
[  8%] Building CXX object CMakeFiles/qbot_platform_driver_interface.dir/src/qbot_platform_driver_interface.cpp.o
Scanning dependencies of target rgbd
[ 16%] Building CXX object CMakeFiles/lidar.dir/src/lidar.cpp.o
[ 25%] Building CXX object CMakeFiles/fixed_lidar_frame.dir/src/fixed_lidar_frame.cpp.o
[ 33%] Building CXX object CMakeFiles/csi.dir/src/csi.cpp.o
[ 41%] Building CXX object CMakeFiles/rgbd.dir/src/rgbd.cpp.o
[ 50%] Building CXX object CMakeFiles/command.dir/src/command.cpp.o
[ 58%] Linking CXX executable csi
[ 66%] Linking CXX executable fixed_lidar_frame
[ 75%] Linking CXX executable rgbd
[ 83%] Linking CXX executable command
[ 91%] Linking CXX executable lidar
[ 91%] Built target fixed_lidar_frame
[ 91%] Built target command
[ 91%] Built target lidar
/usr/bin/ld: warning: libopencv_imgcodecs.so.4.2, needed by /opt/ros/humble/lib/libcv_bridge.so, may conflict with libopencv_imgcodecs.so.4.5
/usr/bin/ld: warning: libopencv_core.so.4.2, needed by /opt/ros/humble/lib/libcv_bridge.so, may conflict with libopencv_core.so.4.5
/usr/bin/ld: warning: libopencv_imgcodecs.so.4.2, needed by /opt/ros/humble/lib/libcv_bridge.so, may conflict with libopencv_imgcodecs.so.4.5
/usr/bin/ld: warning: libopencv_core.so.4.2, needed by /opt/ros/humble/lib/libcv_bridge.so, may conflict with libopencv_core.so.4.5
[ 91%] Built target csi
[ 91%] Built target rgbd
[100%] Linking CXX executable qbot_platform_driver_interface
[100%] Built target qbot_platform_driver_interface
-- Install configuration: ""
-- Execute custom install script
-- Symlinking: /home/nvidia/ENGR857_Salgado_Eriberto/install/qbot_platform/lib/qbot_platform/qbot_platform_driver_interface
-- Symlinking: /home/nvidia/ENGR857_Salgado_Eriberto/install/qbot_platform/lib/qbot_platform/rgbd
-- Symlinking: /home/nvidia/ENGR857_Salgado_Eriberto/install/qbot_platform/lib/qbot_platform/lidar
-- Symlinking: /home/nvidia/ENGR857_Salgado_Eriberto/install/qbot_platform/lib/qbot_platform/csi
-- Symlinking: /home/nvidia/ENGR857_Salgado_Eriberto/install/qbot_platform/lib/qbot_platform/command
-- Symlinking: /home/nvidia/ENGR857_Salgado_Eriberto/install/qbot_platform/lib/qbot_platform/fixed_lidar_frame
-- Symlinking: /home/nvidia/ENGR857_Salgado_Eriberto/install/qbot_platform/share/qbot_platform//launch/qbot_platform_cartographer_launch.py
-- Symlinking: /home/nvidia/ENGR857_Salgado_Eriberto/install/qbot_platform/share/qbot_platform//launch/qbot_platform_launch.py
-- Symlinking: /home/nvidia/ENGR857_Salgado_Eriberto/install/qbot_platform/share/qbot_platform//launch/qbot_platform_manual_map_launch.py
-- Symlinking: /home/nvidia/ENGR857_Salgado_Eriberto/install/qbot_platform/share/qbot_platform//launch/qbot_platform_slam_and_nav_bringup_launch.py
-- Symlinking: /home/nvidia/ENGR857_Salgado_Eriberto/install/qbot_platform/share/qbot_platform//rt_models/qbot_platform_driver_physical.rt-linux_qbot_platform
-- Symlinking: /home/nvidia/ENGR857_Salgado_Eriberto/install/qbot_platform/share/qbot_platform//config/qbot_platform_2d.lua
-- Symlinking: /home/nvidia/ENGR857_Salgado_Eriberto/install/qbot_platform/share/qbot_platform//config/qbot_platform_slam_and_nav.yaml
-- Symlinking: /home/nvidia/ENGR857_Salgado_Eriberto/install/qbot_platform/share/ament_index/resource_index/package_run_dependencies/qbot_platform
-- Symlinking: /home/nvidia/ENGR857_Salgado_Eriberto/install/qbot_platform/share/ament_index/resource_index/parent_prefix_path/qbot_platform
-- Symlinking: /home/nvidia/ENGR857_Salgado_Eriberto/install/qbot_platform/share/qbot_platform/environment/ament_prefix_path.sh
-- Symlinking: /home/nvidia/ENGR857_Salgado_Eriberto/install/qbot_platform/share/qbot_platform/environment/ament_prefix_path.dsv
-- Symlinking: /home/nvidia/ENGR857_Salgado_Eriberto/install/qbot_platform/share/qbot_platform/environment/path.sh
-- Symlinking: /home/nvidia/ENGR857_Salgado_Eriberto/install/qbot_platform/share/qbot_platform/environment/path.dsv
-- Symlinking: /home/nvidia/ENGR857_Salgado_Eriberto/install/qbot_platform/share/qbot_platform/local_setup.bash
-- Symlinking: /home/nvidia/ENGR857_Salgado_Eriberto/install/qbot_platform/share/qbot_platform/local_setup.sh
-- Symlinking: /home/nvidia/ENGR857_Salgado_Eriberto/install/qbot_platform/share/qbot_platform/local_setup.zsh
-- Symlinking: /home/nvidia/ENGR857_Salgado_Eriberto/install/qbot_platform/share/qbot_platform/local_setup.dsv
-- Symlinking: /home/nvidia/ENGR857_Salgado_Eriberto/install/qbot_platform/share/qbot_platform/package.dsv
-- Symlinking: /home/nvidia/ENGR857_Salgado_Eriberto/install/qbot_platform/share/ament_index/resource_index/packages/qbot_platform
-- Symlinking: /home/nvidia/ENGR857_Salgado_Eriberto/install/qbot_platform/share/qbot_platform/cmake/qbot_platformConfig.cmake
-- Symlinking: /home/nvidia/ENGR857_Salgado_Eriberto/install/qbot_platform/share/qbot_platform/cmake/qbot_platformConfig-version.cmake
-- Symlinking: /home/nvidia/ENGR857_Salgado_Eriberto/install/qbot_platform/share/qbot_platform/package.xml
