[0.027s] Invoking command in '/home/nvidia/ENGR857_Salgado_Eriberto/build/qbot_platform': CMAKE_PREFIX_PATH=${CMAKE_PREFIX_PATH}:/home/nvidia/ros2/install/qbot_follower:/opt/ros/humble /usr/bin/cmake /home/nvidia/ENGR857_Salgado_Eriberto/ros2_ws/src/qbot_platform/ros2/src/qbot_platform -DAMENT_CMAKE_SYMLINK_INSTALL=1 -DCMAKE_INSTALL_PREFIX=/home/nvidia/ENGR857_Salgado_Eriberto/install/qbot_platform
[0.142s] -- The C compiler identification is GNU 9.4.0
[0.241s] -- The CXX compiler identification is GNU 9.4.0
[0.249s] -- Check for working C compiler: /usr/bin/cc
[0.387s] -- Check for working C compiler: /usr/bin/cc -- works
[0.388s] -- Detecting C compiler ABI info
[0.526s] -- Detecting C compiler ABI info - done
[0.555s] -- Detecting C compile features
[0.555s] -- Detecting C compile features - done
[0.561s] -- Check for working CXX compiler: /usr/bin/c++
[0.713s] -- Check for working CXX compiler: /usr/bin/c++ -- works
[0.717s] -- Detecting CXX compiler ABI info
[0.886s] -- Detecting CXX compiler ABI info - done
[0.912s] -- Detecting CXX compile features
[0.913s] -- Detecting CXX compile features - done
[0.919s] -- Found ament_cmake: 1.3.6 (/opt/ros/humble/share/ament_cmake/cmake)
[1.219s] -- Found Python3: /usr/bin/python3.9 (found version "3.9.5") found components: Interpreter 
[1.350s] -- Override CMake install command with custom implementation using symlinks instead of copying resources
[1.429s] -- Found cv_bridge: 3.2.1 (/opt/ros/humble/share/cv_bridge/cmake)
[1.528s] -- Found rosidl_generator_c: 3.1.5 (/opt/ros/humble/share/rosidl_generator_c/cmake)
[1.538s] -- Found rosidl_adapter: 3.1.5 (/opt/ros/humble/share/rosidl_adapter/cmake)
[1.558s] -- Found rosidl_generator_cpp: 3.1.5 (/opt/ros/humble/share/rosidl_generator_cpp/cmake)
[1.591s] -- Using all available rosidl_typesupport_c: rosidl_typesupport_fastrtps_c;rosidl_typesupport_introspection_c
[1.637s] -- Using all available rosidl_typesupport_cpp: rosidl_typesupport_fastrtps_cpp;rosidl_typesupport_introspection_cpp
[2.127s] -- Found image_transport: 3.1.7 (/opt/ros/humble/share/image_transport/cmake)
[2.279s] -- Found rmw_implementation_cmake: 6.1.1 (/opt/ros/humble/share/rmw_implementation_cmake/cmake)
[2.284s] -- Found rmw_fastrtps_cpp: 6.2.5 (/opt/ros/humble/share/rmw_fastrtps_cpp/cmake)
[2.538s] -- Found OpenSSL: /usr/lib/aarch64-linux-gnu/libcrypto.so (found version "1.1.1f")  
[2.602s] -- Found FastRTPS: /opt/ros/humble/include  
[2.709s] -- Using RMW implementation 'rmw_fastrtps_cpp' as default
[2.731s] -- Looking for pthread.h
[2.874s] -- Looking for pthread.h - found
[2.874s] -- Performing Test CMAKE_HAVE_LIBC_PTHREAD
[3.021s] -- Performing Test CMAKE_HAVE_LIBC_PTHREAD - Failed
[3.022s] -- Looking for pthread_create in pthreads
[3.155s] -- Looking for pthread_create in pthreads - not found
[3.155s] -- Looking for pthread_create in pthread
[3.301s] -- Looking for pthread_create in pthread - found
[3.305s] -- Found Threads: TRUE  
[3.736s] -- Found OpenCV: /usr (found version "4.5.4") found components: highgui imgcodecs imgproc videoio 
[3.741s] -- Found control_msgs: 4.4.0 (/opt/ros/humble/share/control_msgs/cmake)
[4.504s] -- Found tf2_ros: 0.25.5 (/opt/ros/humble/share/tf2_ros/cmake)
[5.151s] -- Found ament_lint_auto: 0.12.9 (/opt/ros/humble/share/ament_lint_auto/cmake)
[5.386s] -- Added test 'cppcheck' to perform static code analysis on C / C++ code
[5.386s] -- Configured cppcheck include dirs: 
[5.386s] -- Configured cppcheck exclude dirs and/or files: 
[5.387s] -- Added test 'flake8' to check Python code syntax and style conventions
[5.389s] -- Added test 'lint_cmake' to check CMake code style
[5.390s] -- Added test 'pep257' to check Python code against some of the docstring style conventions in PEP 257
[5.393s] -- Added test 'uncrustify' to check C / C++ code style
[5.393s] -- Configured uncrustify additional arguments: 
[5.394s] -- Added test 'xmllint' to check XML markup files
[5.405s] -- Configuring done
[5.491s] -- Generating done
[5.496s] -- Build files have been written to: /home/nvidia/ENGR857_Salgado_Eriberto/build/qbot_platform
[5.525s] Invoked command in '/home/nvidia/ENGR857_Salgado_Eriberto/build/qbot_platform' returned '0': CMAKE_PREFIX_PATH=${CMAKE_PREFIX_PATH}:/home/nvidia/ros2/install/qbot_follower:/opt/ros/humble /usr/bin/cmake /home/nvidia/ENGR857_Salgado_Eriberto/ros2_ws/src/qbot_platform/ros2/src/qbot_platform -DAMENT_CMAKE_SYMLINK_INSTALL=1 -DCMAKE_INSTALL_PREFIX=/home/nvidia/ENGR857_Salgado_Eriberto/install/qbot_platform
[5.534s] Invoking command in '/home/nvidia/ENGR857_Salgado_Eriberto/build/qbot_platform': CMAKE_PREFIX_PATH=${CMAKE_PREFIX_PATH}:/home/nvidia/ros2/install/qbot_follower:/opt/ros/humble /usr/bin/cmake --build /home/nvidia/ENGR857_Salgado_Eriberto/build/qbot_platform -- -j6 -l6
[5.705s] Scanning dependencies of target qbot_platform_driver_interface
[5.735s] Scanning dependencies of target fixed_lidar_frame
[5.739s] Scanning dependencies of target lidar
[5.772s] Scanning dependencies of target csi
[5.772s] Scanning dependencies of target command
[5.773s] [  8%] Building CXX object CMakeFiles/qbot_platform_driver_interface.dir/src/qbot_platform_driver_interface.cpp.o
[5.788s] Scanning dependencies of target rgbd
[5.793s] [ 16%] Building CXX object CMakeFiles/lidar.dir/src/lidar.cpp.o
[5.811s] [ 25%] Building CXX object CMakeFiles/fixed_lidar_frame.dir/src/fixed_lidar_frame.cpp.o
[5.838s] [ 33%] Building CXX object CMakeFiles/csi.dir/src/csi.cpp.o
[5.865s] [ 41%] Building CXX object CMakeFiles/rgbd.dir/src/rgbd.cpp.o
[5.868s] [ 50%] Building CXX object CMakeFiles/command.dir/src/command.cpp.o
[17.768s] [ 58%] Linking CXX executable csi
[17.906s] [ 66%] Linking CXX executable fixed_lidar_frame
[18.312s] [ 75%] Linking CXX executable rgbd
[18.402s] [ 83%] Linking CXX executable command
[18.681s] [ 91%] Linking CXX executable lidar
[18.928s] [ 91%] Built target fixed_lidar_frame
[19.085s] [ 91%] Built target command
[19.255s] [ 91%] Built target lidar
[20.326s] /usr/bin/ld: warning: libopencv_imgcodecs.so.4.2, needed by /opt/ros/humble/lib/libcv_bridge.so, may conflict with libopencv_imgcodecs.so.4.5
[20.326s] /usr/bin/ld: warning: libopencv_core.so.4.2, needed by /opt/ros/humble/lib/libcv_bridge.so, may conflict with libopencv_core.so.4.5
[20.346s] /usr/bin/ld: warning: libopencv_imgcodecs.so.4.2, needed by /opt/ros/humble/lib/libcv_bridge.so, may conflict with libopencv_imgcodecs.so.4.5
[20.347s] /usr/bin/ld: warning: libopencv_core.so.4.2, needed by /opt/ros/humble/lib/libcv_bridge.so, may conflict with libopencv_core.so.4.5
[20.352s] [ 91%] Built target csi
[20.371s] [ 91%] Built target rgbd
[44.073s] [100%] Linking CXX executable qbot_platform_driver_interface
[46.027s] [100%] Built target qbot_platform_driver_interface
[46.058s] Invoked command in '/home/nvidia/ENGR857_Salgado_Eriberto/build/qbot_platform' returned '0': CMAKE_PREFIX_PATH=${CMAKE_PREFIX_PATH}:/home/nvidia/ros2/install/qbot_follower:/opt/ros/humble /usr/bin/cmake --build /home/nvidia/ENGR857_Salgado_Eriberto/build/qbot_platform -- -j6 -l6
[46.184s] Invoking command in '/home/nvidia/ENGR857_Salgado_Eriberto/build/qbot_platform': CMAKE_PREFIX_PATH=${CMAKE_PREFIX_PATH}:/home/nvidia/ros2/install/qbot_follower:/opt/ros/humble /usr/bin/cmake --install /home/nvidia/ENGR857_Salgado_Eriberto/build/qbot_platform
[46.236s] -- Install configuration: ""
[46.239s] -- Execute custom install script
[46.242s] -- Symlinking: /home/nvidia/ENGR857_Salgado_Eriberto/install/qbot_platform/lib/qbot_platform/qbot_platform_driver_interface
[46.268s] -- Symlinking: /home/nvidia/ENGR857_Salgado_Eriberto/install/qbot_platform/lib/qbot_platform/rgbd
[46.290s] -- Symlinking: /home/nvidia/ENGR857_Salgado_Eriberto/install/qbot_platform/lib/qbot_platform/lidar
[46.310s] -- Symlinking: /home/nvidia/ENGR857_Salgado_Eriberto/install/qbot_platform/lib/qbot_platform/csi
[46.329s] -- Symlinking: /home/nvidia/ENGR857_Salgado_Eriberto/install/qbot_platform/lib/qbot_platform/command
[46.349s] -- Symlinking: /home/nvidia/ENGR857_Salgado_Eriberto/install/qbot_platform/lib/qbot_platform/fixed_lidar_frame
[46.374s] -- Symlinking: /home/nvidia/ENGR857_Salgado_Eriberto/install/qbot_platform/share/qbot_platform//launch/qbot_platform_cartographer_launch.py
[46.392s] -- Symlinking: /home/nvidia/ENGR857_Salgado_Eriberto/install/qbot_platform/share/qbot_platform//launch/qbot_platform_launch.py
[46.411s] -- Symlinking: /home/nvidia/ENGR857_Salgado_Eriberto/install/qbot_platform/share/qbot_platform//launch/qbot_platform_manual_map_launch.py
[46.431s] -- Symlinking: /home/nvidia/ENGR857_Salgado_Eriberto/install/qbot_platform/share/qbot_platform//launch/qbot_platform_slam_and_nav_bringup_launch.py
[46.453s] -- Symlinking: /home/nvidia/ENGR857_Salgado_Eriberto/install/qbot_platform/share/qbot_platform//rt_models/qbot_platform_driver_physical.rt-linux_qbot_platform
[46.474s] -- Symlinking: /home/nvidia/ENGR857_Salgado_Eriberto/install/qbot_platform/share/qbot_platform//config/qbot_platform_2d.lua
[46.494s] -- Symlinking: /home/nvidia/ENGR857_Salgado_Eriberto/install/qbot_platform/share/qbot_platform//config/qbot_platform_slam_and_nav.yaml
[46.515s] -- Symlinking: /home/nvidia/ENGR857_Salgado_Eriberto/install/qbot_platform/share/ament_index/resource_index/package_run_dependencies/qbot_platform
[46.536s] -- Symlinking: /home/nvidia/ENGR857_Salgado_Eriberto/install/qbot_platform/share/ament_index/resource_index/parent_prefix_path/qbot_platform
[46.559s] -- Symlinking: /home/nvidia/ENGR857_Salgado_Eriberto/install/qbot_platform/share/qbot_platform/environment/ament_prefix_path.sh
[46.580s] -- Symlinking: /home/nvidia/ENGR857_Salgado_Eriberto/install/qbot_platform/share/qbot_platform/environment/ament_prefix_path.dsv
[46.600s] -- Symlinking: /home/nvidia/ENGR857_Salgado_Eriberto/install/qbot_platform/share/qbot_platform/environment/path.sh
[46.621s] -- Symlinking: /home/nvidia/ENGR857_Salgado_Eriberto/install/qbot_platform/share/qbot_platform/environment/path.dsv
[46.643s] -- Symlinking: /home/nvidia/ENGR857_Salgado_Eriberto/install/qbot_platform/share/qbot_platform/local_setup.bash
[46.665s] -- Symlinking: /home/nvidia/ENGR857_Salgado_Eriberto/install/qbot_platform/share/qbot_platform/local_setup.sh
[46.685s] -- Symlinking: /home/nvidia/ENGR857_Salgado_Eriberto/install/qbot_platform/share/qbot_platform/local_setup.zsh
[46.705s] -- Symlinking: /home/nvidia/ENGR857_Salgado_Eriberto/install/qbot_platform/share/qbot_platform/local_setup.dsv
[46.726s] -- Symlinking: /home/nvidia/ENGR857_Salgado_Eriberto/install/qbot_platform/share/qbot_platform/package.dsv
[46.747s] -- Symlinking: /home/nvidia/ENGR857_Salgado_Eriberto/install/qbot_platform/share/ament_index/resource_index/packages/qbot_platform
[46.768s] -- Symlinking: /home/nvidia/ENGR857_Salgado_Eriberto/install/qbot_platform/share/qbot_platform/cmake/qbot_platformConfig.cmake
[46.789s] -- Symlinking: /home/nvidia/ENGR857_Salgado_Eriberto/install/qbot_platform/share/qbot_platform/cmake/qbot_platformConfig-version.cmake
[46.809s] -- Symlinking: /home/nvidia/ENGR857_Salgado_Eriberto/install/qbot_platform/share/qbot_platform/package.xml
[46.836s] Invoked command in '/home/nvidia/ENGR857_Salgado_Eriberto/build/qbot_platform' returned '0': CMAKE_PREFIX_PATH=${CMAKE_PREFIX_PATH}:/home/nvidia/ros2/install/qbot_follower:/opt/ros/humble /usr/bin/cmake --install /home/nvidia/ENGR857_Salgado_Eriberto/build/qbot_platform
