[6.473s] Invoking command in '/home/nvidia/ENGR857_Salgado_Eriberto-main/ros2_ws/src/qbot-delivery-main/build/fake_qbot': PYTHONPATH=/home/nvidia/ENGR857_Salgado_Eriberto-main/ros2_ws/src/qbot-delivery-main/build/fake_qbot/prefix_override:/usr/lib/python3/dist-packages/colcon_core/task/python/colcon_distutils_commands:/home/nvidia/ENGR857_Salgado_Eriberto-main/ros2_ws/src/qbot-delivery-main/install/fake_qbot/lib/python3.8/site-packages:${PYTHONPATH} /usr/bin/python3 -W ignore:setup.py install is deprecated setup.py develop --editable --build-directory /home/nvidia/ENGR857_Salgado_Eriberto-main/ros2_ws/src/qbot-delivery-main/build/fake_qbot/build --no-deps symlink_data
[7.472s] running develop
[7.473s] /usr/local/lib/python3.8/dist-packages/setuptools/command/easy_install.py:144: EasyInstallDeprecationWarning: easy_install command is deprecated. Use build and pip and other standards-based tools.
[7.473s]   warnings.warn(
[8.114s] running egg_info
[8.114s] creating fake_qbot.egg-info
[8.151s] writing fake_qbot.egg-info/PKG-INFO
[8.151s] writing dependency_links to fake_qbot.egg-info/dependency_links.txt
[8.152s] writing entry points to fake_qbot.egg-info/entry_points.txt
[8.152s] writing requirements to fake_qbot.egg-info/requires.txt
[8.152s] writing top-level names to fake_qbot.egg-info/top_level.txt
[8.157s] writing manifest file 'fake_qbot.egg-info/SOURCES.txt'
[8.236s] reading manifest file 'fake_qbot.egg-info/SOURCES.txt'
[8.238s] writing manifest file 'fake_qbot.egg-info/SOURCES.txt'
[8.382s] running build_ext
[8.382s] Creating /home/nvidia/ENGR857_Salgado_Eriberto-main/ros2_ws/src/qbot-delivery-main/install/fake_qbot/lib/python3.8/site-packages/fake-qbot.egg-link (link to .)
[8.384s] Installing fake_qbot script to /home/nvidia/ENGR857_Salgado_Eriberto-main/ros2_ws/src/qbot-delivery-main/install/fake_qbot/lib/fake_qbot
[8.385s] 
[8.385s] Installed /home/nvidia/ENGR857_Salgado_Eriberto-main/ros2_ws/src/qbot-delivery-main/build/fake_qbot
[8.386s] running symlink_data
[8.386s] creating /home/nvidia/ENGR857_Salgado_Eriberto-main/ros2_ws/src/qbot-delivery-main/install/fake_qbot/share/ament_index
[8.386s] creating /home/nvidia/ENGR857_Salgado_Eriberto-main/ros2_ws/src/qbot-delivery-main/install/fake_qbot/share/ament_index/resource_index
[8.386s] creating /home/nvidia/ENGR857_Salgado_Eriberto-main/ros2_ws/src/qbot-delivery-main/install/fake_qbot/share/ament_index/resource_index/packages
[8.386s] symbolically linking /home/nvidia/ENGR857_Salgado_Eriberto-main/ros2_ws/src/qbot-delivery-main/build/fake_qbot/resource/fake_qbot -> /home/nvidia/ENGR857_Salgado_Eriberto-main/ros2_ws/src/qbot-delivery-main/install/fake_qbot/share/ament_index/resource_index/packages
[8.387s] symbolically linking /home/nvidia/ENGR857_Salgado_Eriberto-main/ros2_ws/src/qbot-delivery-main/build/fake_qbot/package.xml -> /home/nvidia/ENGR857_Salgado_Eriberto-main/ros2_ws/src/qbot-delivery-main/install/fake_qbot/share/fake_qbot
[8.593s] Invoked command in '/home/nvidia/ENGR857_Salgado_Eriberto-main/ros2_ws/src/qbot-delivery-main/build/fake_qbot' returned '0': PYTHONPATH=/home/nvidia/ENGR857_Salgado_Eriberto-main/ros2_ws/src/qbot-delivery-main/build/fake_qbot/prefix_override:/usr/lib/python3/dist-packages/colcon_core/task/python/colcon_distutils_commands:/home/nvidia/ENGR857_Salgado_Eriberto-main/ros2_ws/src/qbot-delivery-main/install/fake_qbot/lib/python3.8/site-packages:${PYTHONPATH} /usr/bin/python3 -W ignore:setup.py install is deprecated setup.py develop --editable --build-directory /home/nvidia/ENGR857_Salgado_Eriberto-main/ros2_ws/src/qbot-delivery-main/build/fake_qbot/build --no-deps symlink_data
