running develop
running egg_info
creating delivery_bot_teleop.egg-info
writing delivery_bot_teleop.egg-info/PKG-INFO
writing dependency_links to delivery_bot_teleop.egg-info/dependency_links.txt
writing entry points to delivery_bot_teleop.egg-info/entry_points.txt
writing requirements to delivery_bot_teleop.egg-info/requires.txt
writing top-level names to delivery_bot_teleop.egg-info/top_level.txt
writing manifest file 'delivery_bot_teleop.egg-info/SOURCES.txt'
reading manifest file 'delivery_bot_teleop.egg-info/SOURCES.txt'
writing manifest file 'delivery_bot_teleop.egg-info/SOURCES.txt'
running build_ext
Creating /home/nvidia/ENGR857_Salgado_Eriberto-main/ros2_ws/src/qbot-delivery-main/install/delivery_bot_teleop/lib/python3.8/site-packages/delivery-bot-teleop.egg-link (link to .)
Installing wasd_teleop script to /home/nvidia/ENGR857_Salgado_Eriberto-main/ros2_ws/src/qbot-delivery-main/install/delivery_bot_teleop/lib/delivery_bot_teleop

Installed /home/nvidia/ENGR857_Salgado_Eriberto-main/ros2_ws/src/qbot-delivery-main/build/delivery_bot_teleop
running symlink_data
creating /home/nvidia/ENGR857_Salgado_Eriberto-main/ros2_ws/src/qbot-delivery-main/install/delivery_bot_teleop/share/ament_index
creating /home/nvidia/ENGR857_Salgado_Eriberto-main/ros2_ws/src/qbot-delivery-main/install/delivery_bot_teleop/share/ament_index/resource_index
creating /home/nvidia/ENGR857_Salgado_Eriberto-main/ros2_ws/src/qbot-delivery-main/install/delivery_bot_teleop/share/ament_index/resource_index/packages
symbolically linking /home/nvidia/ENGR857_Salgado_Eriberto-main/ros2_ws/src/qbot-delivery-main/build/delivery_bot_teleop/resource/delivery_bot_teleop -> /home/nvidia/ENGR857_Salgado_Eriberto-main/ros2_ws/src/qbot-delivery-main/install/delivery_bot_teleop/share/ament_index/resource_index/packages
symbolically linking /home/nvidia/ENGR857_Salgado_Eriberto-main/ros2_ws/src/qbot-delivery-main/build/delivery_bot_teleop/package.xml -> /home/nvidia/ENGR857_Salgado_Eriberto-main/ros2_ws/src/qbot-delivery-main/install/delivery_bot_teleop/share/delivery_bot_teleop
