[6.413s] Invoking command in '/home/nvidia/ENGR857_Salgado_Eriberto-main/ros2_ws/src/qbot-delivery-main/build/delivery_bot_teleop': PYTHONPATH=/home/nvidia/ENGR857_Salgado_Eriberto-main/ros2_ws/src/qbot-delivery-main/build/delivery_bot_teleop/prefix_override:/usr/lib/python3/dist-packages/colcon_core/task/python/colcon_distutils_commands:/home/nvidia/ENGR857_Salgado_Eriberto-main/ros2_ws/src/qbot-delivery-main/install/delivery_bot_teleop/lib/python3.8/site-packages:${PYTHONPATH} /usr/bin/python3 -W ignore:setup.py install is deprecated setup.py develop --editable --build-directory /home/nvidia/ENGR857_Salgado_Eriberto-main/ros2_ws/src/qbot-delivery-main/build/delivery_bot_teleop/build --no-deps symlink_data
[7.413s] running develop
[7.414s] /usr/local/lib/python3.8/dist-packages/setuptools/command/easy_install.py:144: EasyInstallDeprecationWarning: easy_install command is deprecated. Use build and pip and other standards-based tools.
[7.414s]   warnings.warn(
[8.044s] running egg_info
[8.044s] creating delivery_bot_teleop.egg-info
[8.079s] writing delivery_bot_teleop.egg-info/PKG-INFO
[8.080s] writing dependency_links to delivery_bot_teleop.egg-info/dependency_links.txt
[8.080s] writing entry points to delivery_bot_teleop.egg-info/entry_points.txt
[8.080s] writing requirements to delivery_bot_teleop.egg-info/requires.txt
[8.081s] writing top-level names to delivery_bot_teleop.egg-info/top_level.txt
[8.085s] writing manifest file 'delivery_bot_teleop.egg-info/SOURCES.txt'
[8.161s] reading manifest file 'delivery_bot_teleop.egg-info/SOURCES.txt'
[8.162s] writing manifest file 'delivery_bot_teleop.egg-info/SOURCES.txt'
[8.296s] running build_ext
[8.296s] Creating /home/nvidia/ENGR857_Salgado_Eriberto-main/ros2_ws/src/qbot-delivery-main/install/delivery_bot_teleop/lib/python3.8/site-packages/delivery-bot-teleop.egg-link (link to .)
[8.298s] Installing wasd_teleop script to /home/nvidia/ENGR857_Salgado_Eriberto-main/ros2_ws/src/qbot-delivery-main/install/delivery_bot_teleop/lib/delivery_bot_teleop
[8.299s] 
[8.299s] Installed /home/nvidia/ENGR857_Salgado_Eriberto-main/ros2_ws/src/qbot-delivery-main/build/delivery_bot_teleop
[8.299s] running symlink_data
[8.300s] creating /home/nvidia/ENGR857_Salgado_Eriberto-main/ros2_ws/src/qbot-delivery-main/install/delivery_bot_teleop/share/ament_index
[8.300s] creating /home/nvidia/ENGR857_Salgado_Eriberto-main/ros2_ws/src/qbot-delivery-main/install/delivery_bot_teleop/share/ament_index/resource_index
[8.301s] creating /home/nvidia/ENGR857_Salgado_Eriberto-main/ros2_ws/src/qbot-delivery-main/install/delivery_bot_teleop/share/ament_index/resource_index/packages
[8.301s] symbolically linking /home/nvidia/ENGR857_Salgado_Eriberto-main/ros2_ws/src/qbot-delivery-main/build/delivery_bot_teleop/resource/delivery_bot_teleop -> /home/nvidia/ENGR857_Salgado_Eriberto-main/ros2_ws/src/qbot-delivery-main/install/delivery_bot_teleop/share/ament_index/resource_index/packages
[8.302s] symbolically linking /home/nvidia/ENGR857_Salgado_Eriberto-main/ros2_ws/src/qbot-delivery-main/build/delivery_bot_teleop/package.xml -> /home/nvidia/ENGR857_Salgado_Eriberto-main/ros2_ws/src/qbot-delivery-main/install/delivery_bot_teleop/share/delivery_bot_teleop
[8.520s] Invoked command in '/home/nvidia/ENGR857_Salgado_Eriberto-main/ros2_ws/src/qbot-delivery-main/build/delivery_bot_teleop' returned '0': PYTHONPATH=/home/nvidia/ENGR857_Salgado_Eriberto-main/ros2_ws/src/qbot-delivery-main/build/delivery_bot_teleop/prefix_override:/usr/lib/python3/dist-packages/colcon_core/task/python/colcon_distutils_commands:/home/nvidia/ENGR857_Salgado_Eriberto-main/ros2_ws/src/qbot-delivery-main/install/delivery_bot_teleop/lib/python3.8/site-packages:${PYTHONPATH} /usr/bin/python3 -W ignore:setup.py install is deprecated setup.py develop --editable --build-directory /home/nvidia/ENGR857_Salgado_Eriberto-main/ros2_ws/src/qbot-delivery-main/build/delivery_bot_teleop/build --no-deps symlink_data
