[100%] Built target command
[100%] Built target qbot_platform_driver_interface
-- Install configuration: ""
-- Execute custom install script
-- Up-to-date symlink: /home/nvidia/ENGR857_Salgado_Eriberto/install/follower/lib/follower/qbot_platform_driver_interface
-- Up-to-date symlink: /home/nvidia/ENGR857_Salgado_Eriberto/install/follower/lib/follower/command
-- Up-to-date symlink: /home/nvidia/ENGR857_Salgado_Eriberto/install/follower/share/follower/launch/teleop_manual_drive_launch.py
-- Up-to-date symlink: /home/nvidia/ENGR857_Salgado_Eriberto/install/follower/share/follower/rt_models/qbot_platform_driver_physical.rt-linux_qbot_platform
-- Up-to-date symlink: /home/nvidia/ENGR857_Salgado_Eriberto/install/follower/share/ament_index/resource_index/package_run_dependencies/follower
-- Up-to-date symlink: /home/nvidia/ENGR857_Salgado_Eriberto/install/follower/share/ament_index/resource_index/parent_prefix_path/follower
-- Up-to-date symlink: /home/nvidia/ENGR857_Salgado_Eriberto/install/follower/share/follower/environment/ament_prefix_path.sh
-- Up-to-date symlink: /home/nvidia/ENGR857_Salgado_Eriberto/install/follower/share/follower/environment/ament_prefix_path.dsv
-- Up-to-date symlink: /home/nvidia/ENGR857_Salgado_Eriberto/install/follower/share/follower/environment/path.sh
-- Up-to-date symlink: /home/nvidia/ENGR857_Salgado_Eriberto/install/follower/share/follower/environment/path.dsv
-- Up-to-date symlink: /home/nvidia/ENGR857_Salgado_Eriberto/install/follower/share/follower/local_setup.bash
-- Up-to-date symlink: /home/nvidia/ENGR857_Salgado_Eriberto/install/follower/share/follower/local_setup.sh
-- Up-to-date symlink: /home/nvidia/ENGR857_Salgado_Eriberto/install/follower/share/follower/local_setup.zsh
-- Up-to-date symlink: /home/nvidia/ENGR857_Salgado_Eriberto/install/follower/share/follower/local_setup.dsv
-- Symlinking: /home/nvidia/ENGR857_Salgado_Eriberto/install/follower/share/follower/package.dsv
-- Up-to-date symlink: /home/nvidia/ENGR857_Salgado_Eriberto/install/follower/share/ament_index/resource_index/packages/follower
-- Up-to-date symlink: /home/nvidia/ENGR857_Salgado_Eriberto/install/follower/share/follower/cmake/followerConfig.cmake
-- Up-to-date symlink: /home/nvidia/ENGR857_Salgado_Eriberto/install/follower/share/follower/cmake/followerConfig-version.cmake
-- Up-to-date symlink: /home/nvidia/ENGR857_Salgado_Eriberto/install/follower/share/follower/package.xml
