[ 50%] Built target command
[100%] Built target qbot_platform_driver_interface
-- Install configuration: ""
-- Execute custom install script
-- Up-to-date symlink: /home/nvidia/ENGR857_Salgado_Eriberto/install/teleop/lib/teleop/qbot_platform_driver_interface
-- Up-to-date symlink: /home/nvidia/ENGR857_Salgado_Eriberto/install/teleop/lib/teleop/command
-- Symlinking: /home/nvidia/ENGR857_Salgado_Eriberto/install/teleop/share/teleop/launch/__pycache__/qbot_platform_manual_map_launch.cpython-38.pyc
-- Up-to-date symlink: /home/nvidia/ENGR857_Salgado_Eriberto/install/teleop/share/teleop/launch/qbot_platform_cartographer_launch.py
-- Up-to-date symlink: /home/nvidia/ENGR857_Salgado_Eriberto/install/teleop/share/teleop/launch/qbot_platform_launch.py
-- Up-to-date symlink: /home/nvidia/ENGR857_Salgado_Eriberto/install/teleop/share/teleop/launch/qbot_platform_manual_map_launch.py
-- Up-to-date symlink: /home/nvidia/ENGR857_Salgado_Eriberto/install/teleop/share/teleop/launch/qbot_platform_slam_and_nav_bringup_launch.py
-- Up-to-date symlink: /home/nvidia/ENGR857_Salgado_Eriberto/install/teleop/share/teleop/launch/teleop_manual_drive_launch.py
-- Up-to-date symlink: /home/nvidia/ENGR857_Salgado_Eriberto/install/teleop/share/teleop/rt_models/qbot_platform_driver_physical.rt-linux_qbot_platform
-- Up-to-date symlink: /home/nvidia/ENGR857_Salgado_Eriberto/install/teleop/share/teleop/config/qbot_platform_2d.lua
-- Up-to-date symlink: /home/nvidia/ENGR857_Salgado_Eriberto/install/teleop/share/teleop/config/qbot_platform_slam_and_nav.yaml
-- Up-to-date symlink: /home/nvidia/ENGR857_Salgado_Eriberto/install/teleop/share/ament_index/resource_index/package_run_dependencies/teleop
-- Up-to-date symlink: /home/nvidia/ENGR857_Salgado_Eriberto/install/teleop/share/ament_index/resource_index/parent_prefix_path/teleop
-- Up-to-date symlink: /home/nvidia/ENGR857_Salgado_Eriberto/install/teleop/share/teleop/environment/ament_prefix_path.sh
-- Up-to-date symlink: /home/nvidia/ENGR857_Salgado_Eriberto/install/teleop/share/teleop/environment/ament_prefix_path.dsv
-- Up-to-date symlink: /home/nvidia/ENGR857_Salgado_Eriberto/install/teleop/share/teleop/environment/path.sh
-- Up-to-date symlink: /home/nvidia/ENGR857_Salgado_Eriberto/install/teleop/share/teleop/environment/path.dsv
-- Up-to-date symlink: /home/nvidia/ENGR857_Salgado_Eriberto/install/teleop/share/teleop/local_setup.bash
-- Up-to-date symlink: /home/nvidia/ENGR857_Salgado_Eriberto/install/teleop/share/teleop/local_setup.sh
-- Up-to-date symlink: /home/nvidia/ENGR857_Salgado_Eriberto/install/teleop/share/teleop/local_setup.zsh
-- Up-to-date symlink: /home/nvidia/ENGR857_Salgado_Eriberto/install/teleop/share/teleop/local_setup.dsv
-- Symlinking: /home/nvidia/ENGR857_Salgado_Eriberto/install/teleop/share/teleop/package.dsv
-- Up-to-date symlink: /home/nvidia/ENGR857_Salgado_Eriberto/install/teleop/share/ament_index/resource_index/packages/teleop
-- Up-to-date symlink: /home/nvidia/ENGR857_Salgado_Eriberto/install/teleop/share/teleop/cmake/teleopConfig.cmake
-- Up-to-date symlink: /home/nvidia/ENGR857_Salgado_Eriberto/install/teleop/share/teleop/cmake/teleopConfig-version.cmake
-- Up-to-date symlink: /home/nvidia/ENGR857_Salgado_Eriberto/install/teleop/share/teleop/package.xml
