[0.023s] Invoking command in '/home/nvidia/ENGR857_Salgado_Eriberto/build/follower': CMAKE_PREFIX_PATH=${CMAKE_PREFIX_PATH}:/opt/ros/humble /usr/bin/cmake --build /home/nvidia/ENGR857_Salgado_Eriberto/build/follower -- -j6 -l6
[0.114s] [35m[1mScanning dependencies of target command[0m
[0.153s] [ 50%] Built target qbot_platform_driver_interface
[0.187s] [ 75%] [32mBuilding CXX object CMakeFiles/command.dir/src/command.cpp.o[0m
[20.614s] [100%] [32m[1mLinking CXX executable command[0m
[21.471s] [100%] Built target command
[21.495s] Invoked command in '/home/nvidia/ENGR857_Salgado_Eriberto/build/follower' returned '0': CMAKE_PREFIX_PATH=${CMAKE_PREFIX_PATH}:/opt/ros/humble /usr/bin/cmake --build /home/nvidia/ENGR857_Salgado_Eriberto/build/follower -- -j6 -l6
[21.565s] Invoking command in '/home/nvidia/ENGR857_Salgado_Eriberto/build/follower': CMAKE_PREFIX_PATH=${CMAKE_PREFIX_PATH}:/opt/ros/humble /usr/bin/cmake --install /home/nvidia/ENGR857_Salgado_Eriberto/build/follower
[21.583s] -- Install configuration: ""
[21.584s] -- Execute custom install script
[21.585s] -- Up-to-date symlink: /home/nvidia/ENGR857_Salgado_Eriberto/install/follower/lib/follower/qbot_platform_driver_interface
[21.585s] -- Up-to-date symlink: /home/nvidia/ENGR857_Salgado_Eriberto/install/follower/lib/follower/command
[21.586s] -- Up-to-date symlink: /home/nvidia/ENGR857_Salgado_Eriberto/install/follower/share/follower/launch/teleop_manual_drive_launch.py
[21.587s] -- Up-to-date symlink: /home/nvidia/ENGR857_Salgado_Eriberto/install/follower/share/follower/rt_models/qbot_platform_driver_physical.rt-linux_qbot_platform
[21.588s] -- Up-to-date symlink: /home/nvidia/ENGR857_Salgado_Eriberto/install/follower/share/ament_index/resource_index/package_run_dependencies/follower
[21.588s] -- Up-to-date symlink: /home/nvidia/ENGR857_Salgado_Eriberto/install/follower/share/ament_index/resource_index/parent_prefix_path/follower
[21.589s] -- Up-to-date symlink: /home/nvidia/ENGR857_Salgado_Eriberto/install/follower/share/follower/environment/ament_prefix_path.sh
[21.589s] -- Up-to-date symlink: /home/nvidia/ENGR857_Salgado_Eriberto/install/follower/share/follower/environment/ament_prefix_path.dsv
[21.590s] -- Up-to-date symlink: /home/nvidia/ENGR857_Salgado_Eriberto/install/follower/share/follower/environment/path.sh
[21.590s] -- Up-to-date symlink: /home/nvidia/ENGR857_Salgado_Eriberto/install/follower/share/follower/environment/path.dsv
[21.590s] -- Up-to-date symlink: /home/nvidia/ENGR857_Salgado_Eriberto/install/follower/share/follower/local_setup.bash
[21.591s] -- Up-to-date symlink: /home/nvidia/ENGR857_Salgado_Eriberto/install/follower/share/follower/local_setup.sh
[21.591s] -- Up-to-date symlink: /home/nvidia/ENGR857_Salgado_Eriberto/install/follower/share/follower/local_setup.zsh
[21.592s] -- Up-to-date symlink: /home/nvidia/ENGR857_Salgado_Eriberto/install/follower/share/follower/local_setup.dsv
[21.592s] -- Symlinking: /home/nvidia/ENGR857_Salgado_Eriberto/install/follower/share/follower/package.dsv
[21.611s] -- Up-to-date symlink: /home/nvidia/ENGR857_Salgado_Eriberto/install/follower/share/ament_index/resource_index/packages/follower
[21.612s] -- Up-to-date symlink: /home/nvidia/ENGR857_Salgado_Eriberto/install/follower/share/follower/cmake/followerConfig.cmake
[21.612s] -- Up-to-date symlink: /home/nvidia/ENGR857_Salgado_Eriberto/install/follower/share/follower/cmake/followerConfig-version.cmake
[21.612s] -- Up-to-date symlink: /home/nvidia/ENGR857_Salgado_Eriberto/install/follower/share/follower/package.xml
[21.618s] Invoked command in '/home/nvidia/ENGR857_Salgado_Eriberto/build/follower' returned '0': CMAKE_PREFIX_PATH=${CMAKE_PREFIX_PATH}:/opt/ros/humble /usr/bin/cmake --install /home/nvidia/ENGR857_Salgado_Eriberto/build/follower
