running develop
/usr/local/lib/python3.8/dist-packages/setuptools/command/easy_install.py:144: EasyInstallDeprecationWarning: easy_install command is deprecated. Use build and pip and other standards-based tools.
  warnings.warn(
running egg_info
creating delivery_bot_bringup.egg-info
writing delivery_bot_bringup.egg-info/PKG-INFO
writing dependency_links to delivery_bot_bringup.egg-info/dependency_links.txt
writing requirements to delivery_bot_bringup.egg-info/requires.txt
writing top-level names to delivery_bot_bringup.egg-info/top_level.txt
writing manifest file 'delivery_bot_bringup.egg-info/SOURCES.txt'
reading manifest file 'delivery_bot_bringup.egg-info/SOURCES.txt'
writing manifest file 'delivery_bot_bringup.egg-info/SOURCES.txt'
running build_ext
Creating /home/nvidia/ENGR857_Salgado_Eriberto-main/ros2_ws/src/qbot-delivery-main/install/delivery_bot_bringup/lib/python3.8/site-packages/delivery-bot-bringup.egg-link (link to .)

Installed /home/nvidia/ENGR857_Salgado_Eriberto-main/ros2_ws/src/qbot-delivery-main/build/delivery_bot_bringup
running symlink_data
creating /home/nvidia/ENGR857_Salgado_Eriberto-main/ros2_ws/src/qbot-delivery-main/install/delivery_bot_bringup/share/ament_index
creating /home/nvidia/ENGR857_Salgado_Eriberto-main/ros2_ws/src/qbot-delivery-main/install/delivery_bot_bringup/share/ament_index/resource_index
creating /home/nvidia/ENGR857_Salgado_Eriberto-main/ros2_ws/src/qbot-delivery-main/install/delivery_bot_bringup/share/ament_index/resource_index/packages
symbolically linking /home/nvidia/ENGR857_Salgado_Eriberto-main/ros2_ws/src/qbot-delivery-main/build/delivery_bot_bringup/resource/delivery_bot_bringup -> /home/nvidia/ENGR857_Salgado_Eriberto-main/ros2_ws/src/qbot-delivery-main/install/delivery_bot_bringup/share/ament_index/resource_index/packages
symbolically linking /home/nvidia/ENGR857_Salgado_Eriberto-main/ros2_ws/src/qbot-delivery-main/build/delivery_bot_bringup/package.xml -> /home/nvidia/ENGR857_Salgado_Eriberto-main/ros2_ws/src/qbot-delivery-main/install/delivery_bot_bringup/share/delivery_bot_bringup
creating /home/nvidia/ENGR857_Salgado_Eriberto-main/ros2_ws/src/qbot-delivery-main/install/delivery_bot_bringup/share/delivery_bot_bringup/launch
symbolically linking /home/nvidia/ENGR857_Salgado_Eriberto-main/ros2_ws/src/qbot-delivery-main/build/delivery_bot_bringup/launch/teleop.launch.py -> /home/nvidia/ENGR857_Salgado_Eriberto-main/ros2_ws/src/qbot-delivery-main/install/delivery_bot_bringup/share/delivery_bot_bringup/launch
symbolically linking /home/nvidia/ENGR857_Salgado_Eriberto-main/ros2_ws/src/qbot-delivery-main/build/delivery_bot_bringup/launch/bringup.launch.py -> /home/nvidia/ENGR857_Salgado_Eriberto-main/ros2_ws/src/qbot-delivery-main/install/delivery_bot_bringup/share/delivery_bot_bringup/launch
creating /home/nvidia/ENGR857_Salgado_Eriberto-main/ros2_ws/src/qbot-delivery-main/install/delivery_bot_bringup/share/delivery_bot_bringup/config
symbolically linking /home/nvidia/ENGR857_Salgado_Eriberto-main/ros2_ws/src/qbot-delivery-main/build/delivery_bot_bringup/config/qbot_params.yaml -> /home/nvidia/ENGR857_Salgado_Eriberto-main/ros2_ws/src/qbot-delivery-main/install/delivery_bot_bringup/share/delivery_bot_bringup/config
