running develop
/usr/local/lib/python3.8/dist-packages/setuptools/command/easy_install.py:144: EasyInstallDeprecationWarning: easy_install command is deprecated. Use build and pip and other standards-based tools.
  warnings.warn(
running egg_info
creating delivery_bot_intent.egg-info
writing delivery_bot_intent.egg-info/PKG-INFO
writing dependency_links to delivery_bot_intent.egg-info/dependency_links.txt
writing entry points to delivery_bot_intent.egg-info/entry_points.txt
writing requirements to delivery_bot_intent.egg-info/requires.txt
writing top-level names to delivery_bot_intent.egg-info/top_level.txt
writing manifest file 'delivery_bot_intent.egg-info/SOURCES.txt'
reading manifest file 'delivery_bot_intent.egg-info/SOURCES.txt'
writing manifest file 'delivery_bot_intent.egg-info/SOURCES.txt'
running build_ext
Creating /home/nvidia/ENGR857_Salgado_Eriberto-main/ros2_ws/src/qbot-delivery-main/install/delivery_bot_intent/lib/python3.8/site-packages/delivery-bot-intent.egg-link (link to .)
Installing intent_communication script to /home/nvidia/ENGR857_Salgado_Eriberto-main/ros2_ws/src/qbot-delivery-main/install/delivery_bot_intent/lib/delivery_bot_intent

Installed /home/nvidia/ENGR857_Salgado_Eriberto-main/ros2_ws/src/qbot-delivery-main/build/delivery_bot_intent
running symlink_data
creating /home/nvidia/ENGR857_Salgado_Eriberto-main/ros2_ws/src/qbot-delivery-main/install/delivery_bot_intent/share/ament_index
creating /home/nvidia/ENGR857_Salgado_Eriberto-main/ros2_ws/src/qbot-delivery-main/install/delivery_bot_intent/share/ament_index/resource_index
creating /home/nvidia/ENGR857_Salgado_Eriberto-main/ros2_ws/src/qbot-delivery-main/install/delivery_bot_intent/share/ament_index/resource_index/packages
symbolically linking /home/nvidia/ENGR857_Salgado_Eriberto-main/ros2_ws/src/qbot-delivery-main/build/delivery_bot_intent/resource/delivery_bot_intent -> /home/nvidia/ENGR857_Salgado_Eriberto-main/ros2_ws/src/qbot-delivery-main/install/delivery_bot_intent/share/ament_index/resource_index/packages
symbolically linking /home/nvidia/ENGR857_Salgado_Eriberto-main/ros2_ws/src/qbot-delivery-main/build/delivery_bot_intent/package.xml -> /home/nvidia/ENGR857_Salgado_Eriberto-main/ros2_ws/src/qbot-delivery-main/install/delivery_bot_intent/share/delivery_bot_intent
