[6.414s] Invoking command in '/home/nvidia/ENGR857_Salgado_Eriberto-main/ros2_ws/src/qbot-delivery-main/build/delivery_bot_intent': PYTHONPATH=/home/nvidia/ENGR857_Salgado_Eriberto-main/ros2_ws/src/qbot-delivery-main/build/delivery_bot_intent/prefix_override:/usr/lib/python3/dist-packages/colcon_core/task/python/colcon_distutils_commands:/home/nvidia/ENGR857_Salgado_Eriberto-main/ros2_ws/src/qbot-delivery-main/install/delivery_bot_intent/lib/python3.8/site-packages:${PYTHONPATH} /usr/bin/python3 -W ignore:setup.py install is deprecated setup.py develop --editable --build-directory /home/nvidia/ENGR857_Salgado_Eriberto-main/ros2_ws/src/qbot-delivery-main/build/delivery_bot_intent/build --no-deps symlink_data
[7.415s] running develop
[7.416s] /usr/local/lib/python3.8/dist-packages/setuptools/command/easy_install.py:144: EasyInstallDeprecationWarning: easy_install command is deprecated. Use build and pip and other standards-based tools.
[7.416s]   warnings.warn(
[8.037s] running egg_info
[8.037s] creating delivery_bot_intent.egg-info
[8.072s] writing delivery_bot_intent.egg-info/PKG-INFO
[8.073s] writing dependency_links to delivery_bot_intent.egg-info/dependency_links.txt
[8.073s] writing entry points to delivery_bot_intent.egg-info/entry_points.txt
[8.073s] writing requirements to delivery_bot_intent.egg-info/requires.txt
[8.073s] writing top-level names to delivery_bot_intent.egg-info/top_level.txt
[8.078s] writing manifest file 'delivery_bot_intent.egg-info/SOURCES.txt'
[8.151s] reading manifest file 'delivery_bot_intent.egg-info/SOURCES.txt'
[8.153s] writing manifest file 'delivery_bot_intent.egg-info/SOURCES.txt'
[8.283s] running build_ext
[8.283s] Creating /home/nvidia/ENGR857_Salgado_Eriberto-main/ros2_ws/src/qbot-delivery-main/install/delivery_bot_intent/lib/python3.8/site-packages/delivery-bot-intent.egg-link (link to .)
[8.285s] Installing intent_communication script to /home/nvidia/ENGR857_Salgado_Eriberto-main/ros2_ws/src/qbot-delivery-main/install/delivery_bot_intent/lib/delivery_bot_intent
[8.286s] 
[8.286s] Installed /home/nvidia/ENGR857_Salgado_Eriberto-main/ros2_ws/src/qbot-delivery-main/build/delivery_bot_intent
[8.287s] running symlink_data
[8.287s] creating /home/nvidia/ENGR857_Salgado_Eriberto-main/ros2_ws/src/qbot-delivery-main/install/delivery_bot_intent/share/ament_index
[8.287s] creating /home/nvidia/ENGR857_Salgado_Eriberto-main/ros2_ws/src/qbot-delivery-main/install/delivery_bot_intent/share/ament_index/resource_index
[8.287s] creating /home/nvidia/ENGR857_Salgado_Eriberto-main/ros2_ws/src/qbot-delivery-main/install/delivery_bot_intent/share/ament_index/resource_index/packages
[8.287s] symbolically linking /home/nvidia/ENGR857_Salgado_Eriberto-main/ros2_ws/src/qbot-delivery-main/build/delivery_bot_intent/resource/delivery_bot_intent -> /home/nvidia/ENGR857_Salgado_Eriberto-main/ros2_ws/src/qbot-delivery-main/install/delivery_bot_intent/share/ament_index/resource_index/packages
[8.287s] symbolically linking /home/nvidia/ENGR857_Salgado_Eriberto-main/ros2_ws/src/qbot-delivery-main/build/delivery_bot_intent/package.xml -> /home/nvidia/ENGR857_Salgado_Eriberto-main/ros2_ws/src/qbot-delivery-main/install/delivery_bot_intent/share/delivery_bot_intent
[8.483s] Invoked command in '/home/nvidia/ENGR857_Salgado_Eriberto-main/ros2_ws/src/qbot-delivery-main/build/delivery_bot_intent' returned '0': PYTHONPATH=/home/nvidia/ENGR857_Salgado_Eriberto-main/ros2_ws/src/qbot-delivery-main/build/delivery_bot_intent/prefix_override:/usr/lib/python3/dist-packages/colcon_core/task/python/colcon_distutils_commands:/home/nvidia/ENGR857_Salgado_Eriberto-main/ros2_ws/src/qbot-delivery-main/install/delivery_bot_intent/lib/python3.8/site-packages:${PYTHONPATH} /usr/bin/python3 -W ignore:setup.py install is deprecated setup.py develop --editable --build-directory /home/nvidia/ENGR857_Salgado_Eriberto-main/ros2_ws/src/qbot-delivery-main/build/delivery_bot_intent/build --no-deps symlink_data
