[0.026s] Invoking command in '/home/nvidia/ENGR857_Salgado_Eriberto/build/follower': CMAKE_PREFIX_PATH=${CMAKE_PREFIX_PATH}:/opt/ros/humble /usr/bin/cmake --build /home/nvidia/ENGR857_Salgado_Eriberto/build/follower -- -j6 -l6
[0.120s] [35m[1mScanning dependencies of target command[0m
[0.162s] [ 50%] Built target qbot_platform_driver_interface
[0.192s] [ 75%] [32mBuilding CXX object CMakeFiles/command.dir/src/command.cpp.o[0m
[20.554s] [100%] [32m[1mLinking CXX executable command[0m
[21.417s] [100%] Built target command
[21.441s] Invoked command in '/home/nvidia/ENGR857_Salgado_Eriberto/build/follower' returned '0': CMAKE_PREFIX_PATH=${CMAKE_PREFIX_PATH}:/opt/ros/humble /usr/bin/cmake --build /home/nvidia/ENGR857_Salgado_Eriberto/build/follower -- -j6 -l6
[21.518s] Invoking command in '/home/nvidia/ENGR857_Salgado_Eriberto/build/follower': CMAKE_PREFIX_PATH=${CMAKE_PREFIX_PATH}:/opt/ros/humble /usr/bin/cmake --install /home/nvidia/ENGR857_Salgado_Eriberto/build/follower
[21.537s] -- Install configuration: ""
[21.537s] -- Execute custom install script
[21.538s] -- Up-to-date symlink: /home/nvidia/ENGR857_Salgado_Eriberto/install/follower/lib/follower/qbot_platform_driver_interface
[21.538s] -- Up-to-date symlink: /home/nvidia/ENGR857_Salgado_Eriberto/install/follower/lib/follower/command
[21.539s] -- Up-to-date symlink: /home/nvidia/ENGR857_Salgado_Eriberto/install/follower/share/follower/launch/teleop_manual_drive_launch.py
[21.540s] -- Up-to-date symlink: /home/nvidia/ENGR857_Salgado_Eriberto/install/follower/share/follower/rt_models/qbot_platform_driver_physical.rt-linux_qbot_platform
[21.541s] -- Up-to-date symlink: /home/nvidia/ENGR857_Salgado_Eriberto/install/follower/share/ament_index/resource_index/package_run_dependencies/follower
[21.541s] -- Up-to-date symlink: /home/nvidia/ENGR857_Salgado_Eriberto/install/follower/share/ament_index/resource_index/parent_prefix_path/follower
[21.542s] -- Up-to-date symlink: /home/nvidia/ENGR857_Salgado_Eriberto/install/follower/share/follower/environment/ament_prefix_path.sh
[21.542s] -- Up-to-date symlink: /home/nvidia/ENGR857_Salgado_Eriberto/install/follower/share/follower/environment/ament_prefix_path.dsv
[21.543s] -- Up-to-date symlink: /home/nvidia/ENGR857_Salgado_Eriberto/install/follower/share/follower/environment/path.sh
[21.543s] -- Up-to-date symlink: /home/nvidia/ENGR857_Salgado_Eriberto/install/follower/share/follower/environment/path.dsv
[21.544s] -- Up-to-date symlink: /home/nvidia/ENGR857_Salgado_Eriberto/install/follower/share/follower/local_setup.bash
[21.544s] -- Up-to-date symlink: /home/nvidia/ENGR857_Salgado_Eriberto/install/follower/share/follower/local_setup.sh
[21.545s] -- Up-to-date symlink: /home/nvidia/ENGR857_Salgado_Eriberto/install/follower/share/follower/local_setup.zsh
[21.545s] -- Up-to-date symlink: /home/nvidia/ENGR857_Salgado_Eriberto/install/follower/share/follower/local_setup.dsv
[21.546s] -- Symlinking: /home/nvidia/ENGR857_Salgado_Eriberto/install/follower/share/follower/package.dsv
[21.566s] -- Up-to-date symlink: /home/nvidia/ENGR857_Salgado_Eriberto/install/follower/share/ament_index/resource_index/packages/follower
[21.568s] -- Up-to-date symlink: /home/nvidia/ENGR857_Salgado_Eriberto/install/follower/share/follower/cmake/followerConfig.cmake
[21.569s] -- Up-to-date symlink: /home/nvidia/ENGR857_Salgado_Eriberto/install/follower/share/follower/cmake/followerConfig-version.cmake
[21.570s] -- Up-to-date symlink: /home/nvidia/ENGR857_Salgado_Eriberto/install/follower/share/follower/package.xml
[21.577s] Invoked command in '/home/nvidia/ENGR857_Salgado_Eriberto/build/follower' returned '0': CMAKE_PREFIX_PATH=${CMAKE_PREFIX_PATH}:/opt/ros/humble /usr/bin/cmake --install /home/nvidia/ENGR857_Salgado_Eriberto/build/follower
